[backblue.gif]
[fade.gif]
[index.html]
[www.cantaclaro.com.pe/wp-content/uploads/2023/05/Quiza-Pro-Bold.woff]
[www.cantaclaro.com.pe/wp-content/uploads/2023/05/QuizaPro-Regular.woff]
[www.cantaclaro.com.pe/feed/index.html]
[www.cantaclaro.com.pe/comments/feed/index.html]
[www.cantaclaro.com.pe/wp-content/uploads/2023/05/Quiza-Pro-ExtraBold.woff]
[www.cantaclaro.com.pe/wp-content/uploads/2023/05/CoreRhino25Thin.woff]
[www.cantaclaro.com.pe/wp-content/uploads/2023/05/CoreRhino35Light.woff]
[www.cantaclaro.com.pe/wp-content/uploads/2023/05/CoreRhino45Regular.woff]
[www.cantaclaro.com.pe/wp-content/uploads/2023/05/CoreRhino55Medium.woff]
[www.cantaclaro.com.pe/wp-content/uploads/2023/05/CoreRhino65Bold.woff]
[www.cantaclaro.com.pe/wp-content/uploads/2023/05/CoreRhino75Heavy.woff]
[www.cantaclaro.com.pe/wp-includes/js/jquery/jquery.min3088.js]
[www.cantaclaro.com.pe/wp-content/plugins/Ultimate_VC_Addons/assets/min-js/ultimate-params.min9957.js]
[www.cantaclaro.com.pe/wp-content/plugins/Ultimate_VC_Addons/assets/min-js/slick.min9957.js]
[www.cantaclaro.com.pe/wp-content/plugins/Ultimate_VC_Addons/assets/min-js/jquery-appear.min9957.js]
[www.cantaclaro.com.pe/wp-content/plugins/Ultimate_VC_Addons/assets/min-js/slick-custom.min9957.js]
[www.cantaclaro.com.pe/wp-json/index.html]
[www.cantaclaro.com.pe/wp-json/wp/v2/pages/5.json]
[www.cantaclaro.com.pe/xmlrpc0db0.php]
[www.cantaclaro.com.pe/wp-json/oembed/1.0/embed675f.json]
[www.cantaclaro.com.pe/wp-json/oembed/1.0/embeddb98]
[www.cantaclaro.com.pe/wp-content/uploads/2023/06/Logo-Cantaclaro-150x150.png]
[www.cantaclaro.com.pe/wp-content/uploads/2023/06/Logo-Cantaclaro-300x300.png]
[www.cantaclaro.com.pe/wp-content/themes/Impreza/fonts/fa-solid-90037b9.woff]
[www.cantaclaro.com.pe/wp-content/themes/Impreza/fonts/fa-regular-40037b9.woff]
[www.cantaclaro.com.pe/wp-content/themes/Impreza/fonts/fa-light-30037b9.woff]
[www.cantaclaro.com.pe/wp-content/themes/Impreza/fonts/fa-duotone-90037b9.woff]
[www.cantaclaro.com.pe/wp-content/themes/Impreza/fonts/fa-brands-40037b9.woff]
[www.cantaclaro.com.pe/wp-content/themes/Impreza/common/css/vendor/images/marker-icon.png]
[www.cantaclaro.com.pe/wp-content/uploads/2023/05/hoja.png]
[www.cantaclaro.com.pe/wp-content/uploads/2023/05/Banner-recetas-ai.jpg]
[www.cantaclaro.com.pe/wp-content/uploads/2023/05/Logo-Cantaclaro2-968x1024.png]
[www.cantaclaro.com.pe/wp-content/uploads/2023/05/Slider1-1.jpg]
[www.cantaclaro.com.pe/wp-content/uploads/2023/05/Slider2-1.jpg]
[www.cantaclaro.com.pe/wp-content/uploads/2023/05/Slider3-1.jpg]
[www.cantaclaro.com.pe/wp-content/uploads/2023/05/Logo-Cantaclaro-968x1024.png]
[www.cantaclaro.com.pe/wp-content/uploads/2023/05/Fondo_Productos.jpg]
[www.cantaclaro.com.pe/wp-content/uploads/2023/05/MAIZPOPCORN.png]
[www.cantaclaro.com.pe/wp-content/uploads/2023/05/maiz-pop-semilla.png]
[www.cantaclaro.com.pe/wp-content/uploads/2023/05/ARVEJAPARTIDAVERDE.png]
[www.cantaclaro.com.pe/wp-content/uploads/2023/05/arveja-verde-semilla.png]
[www.cantaclaro.com.pe/wp-content/uploads/2023/05/img_banner.png]
[www.cantaclaro.com.pe/wp-content/uploads/2023/05/newrest.jpg]
[www.cantaclaro.com.pe/wp-content/uploads/2023/05/panaservice.jpg]
[www.cantaclaro.com.pe/wp-content/uploads/2023/05/plazavea.jpg]
[www.cantaclaro.com.pe/wp-content/uploads/2023/05/sodexo.jpg]
[www.cantaclaro.com.pe/wp-content/uploads/2023/05/mayorsa.jpg]
[www.cantaclaro.com.pe/wp-content/uploads/2023/06/Logo-Cantaclaro.png]
[www.cantaclaro.com.pe/wp-content/plugins/woocommerce/assets/js/jquery-blockui/jquery.blockUI.minb69f.js]
[www.cantaclaro.com.pe/wp-content/plugins/woocommerce/assets/js/frontend/add-to-cart.min56be.js]
[www.cantaclaro.com.pe/wp-content/plugins/woocommerce/assets/js/js-cookie/js.cookie.min44bd.js]
[www.cantaclaro.com.pe/wp-content/plugins/woocommerce/assets/js/frontend/woocommerce.min56be.js]
[www.cantaclaro.com.pe/wp-content/plugins/woocommerce/assets/js/frontend/cart-fragments.min56be.js]
[www.cantaclaro.com.pe/wp-content/themes/Impreza/js/us.core.min37b9.js]
[www.cantaclaro.com.pe/wp-content/plugins/wp-whatsapp-chat/build/frontend/js/indexfff7.js]
[www.cantaclaro.com.pe/wp-content/plugins/woocommerce/assets/js/jquery-cookie/jquery.cookie.min670a.js]
[www.cantaclaro.com.pe/index.html]
[www.cantaclaro.com.pe/wp-content/plugins/wp-whatsapp-chat/build/frontend/css/stylef731.css]
[www.cantaclaro.com.pe/wp-content/plugins/wp-whatsapp-chat-pro/assets/icons/qlwf9444.ttf]
[www.cantaclaro.com.pe/wp-content/plugins/wp-whatsapp-chat-pro/assets/icons/qlwf9444.woff]
[www.cantaclaro.com.pe/wp-content/plugins/wp-whatsapp-chat-pro/assets/qlwapp-icons.min72e6.css]
[www.cantaclaro.com.pe/wp-content/themes/Impreza/css/style.min37b9.css]
[www.cantaclaro.com.pe/wp-content/themes/Impreza/common/css/plugins/woocommerce.min37b9.css]
[www.cantaclaro.com.pe/wp-content/themes/Impreza-child/style37b9.css]
[www.cantaclaro.com.pe/wp-content/uploads/smile_fonts/Defaults/Defaultsdfa5.eot]
[www.cantaclaro.com.pe/wp-content/uploads/smile_fonts/Defaults/Defaultsdfa5.ttf]
[www.cantaclaro.com.pe/wp-content/uploads/smile_fonts/Defaults/Defaultsdfa5.woff]
[www.cantaclaro.com.pe/wp-content/uploads/smile_fonts/Defaults/Defaults9957.css]
[www.cantaclaro.com.pe/wp-content/plugins/Ultimate_VC_Addons/assets/min-css/style.min9957.css]
[www.cantaclaro.com.pe/wp-content/plugins/Ultimate_VC_Addons/assets/min-css/ajax-loader.gif]
[www.cantaclaro.com.pe/wp-content/plugins/Ultimate_VC_Addons/assets/min-css/fonts/slick.eot]
[www.cantaclaro.com.pe/wp-content/plugins/Ultimate_VC_Addons/assets/min-css/fonts/slickd41d.eot]
[www.cantaclaro.com.pe/wp-content/plugins/Ultimate_VC_Addons/assets/min-css/fonts/slick.woff]
[www.cantaclaro.com.pe/wp-content/plugins/Ultimate_VC_Addons/assets/min-css/fonts/slick.ttf]
[www.cantaclaro.com.pe/wp-content/plugins/Ultimate_VC_Addons/assets/min-css/slick.min9957.css]
[www.cantaclaro.com.pe/wp-content/plugins/Ultimate_VC_Addons/assets/css/fonts/ult-silk.eot]
[www.cantaclaro.com.pe/wp-content/plugins/Ultimate_VC_Addons/assets/css/fonts/ult-silk.woff]
[www.cantaclaro.com.pe/wp-content/plugins/Ultimate_VC_Addons/assets/css/fonts/ult-silk.ttf]
[www.cantaclaro.com.pe/wp-content/plugins/Ultimate_VC_Addons/assets/css/icons9957.css]
[www.cantaclaro.com.pe/wp-content/plugins/Ultimate_VC_Addons/assets/min-css/animate.min9957.css]
[www.cantaclaro.com.pe/wp-content/themes/Impreza/fonts/fa-solid-90037b9.html]
[www.cantaclaro.com.pe/wp-content/themes/Impreza/fonts/fa-regular-40037b9.html]
[www.cantaclaro.com.pe/wp-content/themes/Impreza/fonts/fa-light-30037b9.html]
[www.cantaclaro.com.pe/wp-content/themes/Impreza/fonts/fa-duotone-90037b9.html]
[www.cantaclaro.com.pe/wp-content/themes/Impreza/fonts/fa-brands-40037b9.html]
[www.cantaclaro.com.pe/wp-content/themes/Impreza/fonts/material-icons37b9.html]
[www.cantaclaro.com.pe/wp-content/themes/Impreza/fonts/material-icons37b9-2.html]
[www.cantaclaro.com.pe/wp-json/wp/v2/pages/35.json]
[www.cantaclaro.com.pe/wp-json/oembed/1.0/embed9238.json]
[www.cantaclaro.com.pe/wp-json/oembed/1.0/embed095b]
[www.cantaclaro.com.pe/wp-content/uploads/2023/05/Fondo_contacto.jpg]
[www.cantaclaro.com.pe/wp-content/uploads/2023/05/img-cantaclaro1.jpg]
[www.cantaclaro.com.pe/wp-content/uploads/2023/05/Alianza-Leguminosas-para-la-salud.png]
[www.cantaclaro.com.pe/wp-content/uploads/2023/05/USA-PULSES.png]
[www.cantaclaro.com.pe/wp-content/uploads/2023/05/US-Dry-Beans.png]
[www.cantaclaro.com.pe/wp-content/uploads/2023/05/Recurso-20-1024x231.png]
[www.cantaclaro.com.pe/wp-content/uploads/2023/05/img2.jpg]
[www.cantaclaro.com.pe/wp-content/uploads/2023/06/img_procesos_ressp-1024x486.png]
[www.cantaclaro.com.pe/wp-content/uploads/2023/06/img_procesos_reponsive-486x1024.png]
[www.cantaclaro.com.pe/nosotros/index.html]
[www.cantaclaro.com.pe/wp-json/wp/v2/pages/135.json]
[www.cantaclaro.com.pe/wp-json/oembed/1.0/embedd060.json]
[www.cantaclaro.com.pe/wp-json/oembed/1.0/embed666f]
[www.cantaclaro.com.pe/wp-content/uploads/2023/07/menestra_icon.png]
[www.cantaclaro.com.pe/wp-content/uploads/2023/06/Moron-entero-5kg.png]
[www.cantaclaro.com.pe/wp-content/uploads/2023/06/Papa-seca-amarilla-5kg.png]
[www.cantaclaro.com.pe/wp-content/uploads/2023/06/Lenteja-richlea-5kg.png]
[www.cantaclaro.com.pe/wp-content/uploads/2023/06/Arveja-verde-partida-5kg.png]
[www.cantaclaro.com.pe/wp-content/uploads/2023/06/Trigo-mote-5kg.png]
[www.cantaclaro.com.pe/wp-content/uploads/2023/06/Trigo-entero-pelado-5kg.png]
[www.cantaclaro.com.pe/wp-content/uploads/2023/06/Frijol-caballero-500g.png]
[www.cantaclaro.com.pe/wp-content/uploads/2023/06/Arveja-verde-partida.png]
[www.cantaclaro.com.pe/wp-content/uploads/2023/06/Frijol-Panamito-500g.png]
[www.cantaclaro.com.pe/wp-content/uploads/2023/06/garbanzo-500g.png]
[www.cantaclaro.com.pe/menestras/index.html]
[www.cantaclaro.com.pe/wp-json/wp/v2/pages/164.json]
[www.cantaclaro.com.pe/wp-json/oembed/1.0/embedb39e.json]
[www.cantaclaro.com.pe/wp-json/oembed/1.0/embedd2cb]
[www.cantaclaro.com.pe/wp-content/uploads/2023/07/cereales_icon.png]
[www.cantaclaro.com.pe/cereales/index.html]
[www.cantaclaro.com.pe/wp-json/wp/v2/pages/114.json]
[www.cantaclaro.com.pe/wp-json/oembed/1.0/embeddd23.json]
[www.cantaclaro.com.pe/wp-json/oembed/1.0/embed41ce]
[www.cantaclaro.com.pe/wp-content/uploads/2023/09/Cantaclaro-8.11-300x220.jpg]
[www.cantaclaro.com.pe/wp-content/uploads/2023/09/Cantaclaro-ensalada-de-quinoa-y-garbanzos-7-300x200.jpg]
[www.cantaclaro.com.pe/wp-content/uploads/2023/09/Cantaclaro-4.1-300x200.jpg]
[www.cantaclaro.com.pe/wp-content/uploads/2023/09/Cantaclaro-8.11-150x150.jpg]
[www.cantaclaro.com.pe/wp-content/uploads/2023/09/Cantaclaro-ensalada-de-quinoa-y-garbanzos-7-150x150.jpg]
[www.cantaclaro.com.pe/wp-content/uploads/2023/09/Cantaclaro-4.1-150x150.jpg]
[www.cantaclaro.com.pe/wp-content/uploads/2023/09/Cantaclaro-6.2-150x150.jpg]
[www.cantaclaro.com.pe/wp-content/uploads/2023/09/Cantaclaro-5-150x150.jpg]
[www.cantaclaro.com.pe/wp-content/uploads/2023/09/Cantaclaro-2.1-150x150.jpg]
[www.cantaclaro.com.pe/wp-content/uploads/2023/09/Cantaclaro-1.1-150x150.jpg]
[www.cantaclaro.com.pe/wp-content/uploads/2023/09/Cantaclaro-3.1-150x150.jpg]
[www.cantaclaro.com.pe/blog/index.html]
[www.cantaclaro.com.pe/wp-json/wp/v2/pages/123.json]
[www.cantaclaro.com.pe/wp-json/oembed/1.0/embed8340.json]
[www.cantaclaro.com.pe/wp-json/oembed/1.0/embed67ac]
[www.cantaclaro.com.pe/wp-content/uploads/2023/05/img_contacto.jpg]
[www.cantaclaro.com.pe/wp-content/plugins/fluentform/public/js/form-submission163a.js]
[www.cantaclaro.com.pe/contacto/index.html]
[www.cantaclaro.com.pe/wp-content/themes/Impreza/index.html]
[www.cantaclaro.com.pe/wp-content/plugins/wp-whatsapp-chat-pro/assets/icons/qlwf9444.svg]
[www.cantaclaro.com.pe/wp-content/uploads/smile_fonts/Defaults/Defaultsdfa5.svg]
[www.cantaclaro.com.pe/wp-content/plugins/Ultimate_VC_Addons/assets/min-css/fonts/slick.svg]
[www.cantaclaro.com.pe/wp-content/plugins/Ultimate_VC_Addons/assets/css/fonts/ult-silk.svg]
[www.cantaclaro.com.pe/index5c90.html]
[www.cantaclaro.com.pe/index86fa.html]
[www.cantaclaro.com.pe/wp-content/uploads/2023/05/Footer.svg]
[www.cantaclaro.com.pe/wp-json/wp/v2/productos/300.json]
[www.cantaclaro.com.pe/wp-json/oembed/1.0/embedecc1.json]
[www.cantaclaro.com.pe/wp-json/oembed/1.0/embedaebc]
[www.cantaclaro.com.pe/productos/moron-entero-5kg/index.html]
[www.cantaclaro.com.pe/wp-json/wp/v2/productos/293.json]
[www.cantaclaro.com.pe/wp-json/oembed/1.0/embed1820.json]
[www.cantaclaro.com.pe/wp-json/oembed/1.0/embed8f07]
[www.cantaclaro.com.pe/productos/papa-seca-amarilla-5kg/index.html]
[www.cantaclaro.com.pe/wp-json/wp/v2/productos/292.json]
[www.cantaclaro.com.pe/wp-json/oembed/1.0/embed4331.json]
[www.cantaclaro.com.pe/wp-json/oembed/1.0/embedf036]
[www.cantaclaro.com.pe/productos/lenteja-richlea-5kg/index.html]
[www.cantaclaro.com.pe/wp-json/wp/v2/productos/291.json]
[www.cantaclaro.com.pe/wp-json/oembed/1.0/embedd2e1.json]
[www.cantaclaro.com.pe/wp-json/oembed/1.0/embed6f43]
[www.cantaclaro.com.pe/productos/arveja-verde-partida-5kg/index.html]
[www.cantaclaro.com.pe/wp-json/wp/v2/productos/290.json]
[www.cantaclaro.com.pe/wp-json/oembed/1.0/embed83b4.json]
[www.cantaclaro.com.pe/wp-json/oembed/1.0/embed52b1]
[www.cantaclaro.com.pe/productos/trigo-mote-5kg/index.html]
[www.cantaclaro.com.pe/wp-json/wp/v2/productos/285.json]
[www.cantaclaro.com.pe/wp-json/oembed/1.0/embed5760.json]
[www.cantaclaro.com.pe/wp-json/oembed/1.0/embed1c44]
[www.cantaclaro.com.pe/productos/trigo-entero-pelado-5kg/index.html]
[www.cantaclaro.com.pe/wp-json/wp/v2/productos/284.json]
[www.cantaclaro.com.pe/wp-json/oembed/1.0/embedb821.json]
[www.cantaclaro.com.pe/wp-json/oembed/1.0/embed43a1]
[www.cantaclaro.com.pe/productos/frijol-caballero/index.html]
[www.cantaclaro.com.pe/wp-json/wp/v2/productos/283.json]
[www.cantaclaro.com.pe/wp-json/oembed/1.0/embedf988.json]
[www.cantaclaro.com.pe/wp-json/oembed/1.0/embeda5b9]
[www.cantaclaro.com.pe/productos/arveja-verde-partida/index.html]
[www.cantaclaro.com.pe/wp-json/wp/v2/productos/276.json]
[www.cantaclaro.com.pe/wp-json/oembed/1.0/embed0dbe.json]
[www.cantaclaro.com.pe/wp-json/oembed/1.0/embed08a1]
[www.cantaclaro.com.pe/productos/frijol-panamito-2/index.html]
[www.cantaclaro.com.pe/wp-json/wp/v2/productos/214.json]
[www.cantaclaro.com.pe/wp-json/oembed/1.0/embed9018.json]
[www.cantaclaro.com.pe/wp-json/oembed/1.0/embed294d]
[www.cantaclaro.com.pe/productos/garbanzo/index.html]
[www.cantaclaro.com.pe/index7760.html]
[www.cantaclaro.com.pe/index30a5.html]
[www.cantaclaro.com.pe/wp-json/wp/v2/posts/368.json]
[www.cantaclaro.com.pe/2023/09/16/tips-practicos-como-almacenar-legumbres-de-cantaclaro-para-conservar-su-frescura/feed/index.html]
[www.cantaclaro.com.pe/wp-json/oembed/1.0/embedecf8.json]
[www.cantaclaro.com.pe/wp-json/oembed/1.0/embedc515]
[www.cantaclaro.com.pe/wp-content/uploads/2023/09/Cantaclaro-8.11.jpg]
[vk.com/share.aef0dd.delayed]
[vk.com/share096c.php]
[www.cantaclaro.com.pe/wp-content/uploads/2023/09/Cantaclaro-6.2-300x169.jpg]
[www.cantaclaro.com.pe/wp-content/uploads/2023/09/Cantaclaro-1.1-300x200.jpg]
[www.cantaclaro.com.pe/wp-includes/js/comment-reply.minf801.js]
[www.cantaclaro.com.pe/2023/09/16/tips-practicos-como-almacenar-legumbres-de-cantaclaro-para-conservar-su-frescura/index.html]
[www.cantaclaro.com.pe/wp-json/wp/v2/categories/6.json]
[www.cantaclaro.com.pe/category/noticias/feed/index.html]
[www.cantaclaro.com.pe/wp-content/uploads/2023/09/Cantaclaro-8.11-1024x753.jpg]
[www.cantaclaro.com.pe/wp-content/uploads/2023/09/Cantaclaro-4.1-1024x683.jpg]
[www.cantaclaro.com.pe/wp-content/uploads/2023/09/Cantaclaro-6.2-1024x576.jpg]
[www.cantaclaro.com.pe/wp-content/uploads/2023/09/Cantaclaro-1.1-1024x683.jpg]
[www.cantaclaro.com.pe/wp-content/uploads/2023/09/Cantaclaro-3.1-1024x684.jpg]
[www.cantaclaro.com.pe/category/noticias/index.html]
[www.cantaclaro.com.pe/wp-json/wp/v2/posts/367.json]
[www.cantaclaro.com.pe/2023/09/16/sazon-peruana-en-casa-recetas-tradicionales-con-productos-cantaclaro/feed/index.html]
[www.cantaclaro.com.pe/wp-json/oembed/1.0/embedf543.json]
[www.cantaclaro.com.pe/wp-json/oembed/1.0/embed59e5]
[www.cantaclaro.com.pe/wp-content/uploads/2023/09/Cantaclaro-ensalada-de-quinoa-y-garbanzos-7.jpg]
[vk.com/share.bd06fb.delayed]
[vk.com/share84f1.php]
[www.cantaclaro.com.pe/wp-content/uploads/2023/09/Cantaclaro-5-300x200.jpg]
[www.cantaclaro.com.pe/wp-content/uploads/2023/09/Cantaclaro-2.1-300x224.jpg]
[www.cantaclaro.com.pe/2023/09/16/sazon-peruana-en-casa-recetas-tradicionales-con-productos-cantaclaro/index.html]
[www.cantaclaro.com.pe/category/recetas/feed/index.html]
[www.cantaclaro.com.pe/wp-json/wp/v2/categories/8.json]
[www.cantaclaro.com.pe/wp-content/uploads/2023/09/Cantaclaro-5-1024x682.jpg]
[www.cantaclaro.com.pe/wp-content/uploads/2023/09/Cantaclaro-2.1-1024x766.jpg]
[www.cantaclaro.com.pe/category/recetas/index.html]
[www.cantaclaro.com.pe/wp-json/wp/v2/posts/348.json]
[www.cantaclaro.com.pe/2023/09/16/antaclaro-comprometidos-con-la-calidad-en-cada-paso-del-camino/feed/index.html]
[www.cantaclaro.com.pe/wp-json/oembed/1.0/embed4e79.json]
[www.cantaclaro.com.pe/wp-json/oembed/1.0/embed8783]
[www.cantaclaro.com.pe/wp-content/uploads/2023/09/Cantaclaro-4.1.jpg]
[vk.com/share.c8c746.delayed]
[vk.com/sharea97f.php]
[www.cantaclaro.com.pe/2023/09/16/antaclaro-comprometidos-con-la-calidad-en-cada-paso-del-camino/index.html]
[www.cantaclaro.com.pe/wp-json/wp/v2/posts/352.json]
[www.cantaclaro.com.pe/2023/09/15/explorando-los-poderosos-beneficios-nutricionales-de-las-legumbres/feed/index.html]
[www.cantaclaro.com.pe/wp-json/oembed/1.0/embed4ba5.json]
[www.cantaclaro.com.pe/wp-json/oembed/1.0/embed5a23]
[www.cantaclaro.com.pe/wp-content/uploads/2023/09/Cantaclaro-6.2.jpg]
[vk.com/share24e5.php]
[vk.com/share7c46.php]
[www.cantaclaro.com.pe/2023/09/15/explorando-los-poderosos-beneficios-nutricionales-de-las-legumbres/index.html]
[www.cantaclaro.com.pe/wp-json/wp/v2/posts/350.json]
[www.cantaclaro.com.pe/2023/09/15/5-recetas-creativas-con-pallares-inspiradas-en-la-gastronomia-peruana/feed/index.html]
[www.cantaclaro.com.pe/wp-json/oembed/1.0/embedb153.json]
[www.cantaclaro.com.pe/wp-json/oembed/1.0/embede60a]
[www.cantaclaro.com.pe/wp-content/uploads/2023/09/Cantaclaro-5.jpg]
[vk.com/share54bb.php]
[vk.com/shareaa86.php]
[www.cantaclaro.com.pe/2023/09/15/5-recetas-creativas-con-pallares-inspiradas-en-la-gastronomia-peruana/index.html]
[www.cantaclaro.com.pe/wp-json/wp/v2/posts/112.json]
[www.cantaclaro.com.pe/2023/05/03/postres-creativos-que-incluyen-lentejas/feed/index.html]
[www.cantaclaro.com.pe/wp-json/oembed/1.0/embede159.json]
[www.cantaclaro.com.pe/wp-json/oembed/1.0/embed3f93]
[www.cantaclaro.com.pe/wp-content/uploads/2023/09/Cantaclaro-2.1.jpg]
[www.cantaclaro.com.pe/wp-content/uploads/2023/09/Cantaclaro-2.2.jpg]
[www.cantaclaro.com.pe/wp-content/uploads/2023/09/Cantaclaro-2.3.jpg]
[www.cantaclaro.com.pe/wp-content/uploads/2023/09/Cantaclaro-2.4.jpg]
[vk.com/share.dd00c2.delayed]
[vk.com/sharec8ed.php]
[www.cantaclaro.com.pe/2023/05/03/postres-creativos-que-incluyen-lentejas/index.html]
[www.cantaclaro.com.pe/wp-json/wp/v2/posts/108.json]
[www.cantaclaro.com.pe/2023/05/03/consejos-y-trucos-para-sancochar-bien-tus-menestras/feed/index.html]
[www.cantaclaro.com.pe/wp-json/oembed/1.0/embedf75f.json]
[www.cantaclaro.com.pe/wp-json/oembed/1.0/embed415f]
[www.cantaclaro.com.pe/wp-content/uploads/2023/09/Cantaclaro-1.1.jpg]
[vk.com/sharec959.php]
[vk.com/share59dc.php]
[www.cantaclaro.com.pe/wp-content/uploads/2023/09/Cantaclaro-3.1-300x200.jpg]
[www.cantaclaro.com.pe/2023/05/03/consejos-y-trucos-para-sancochar-bien-tus-menestras/index.html]
[www.cantaclaro.com.pe/2023/01/03/tips-para-aprovechar-al-maximo-las-harinas-deleita-tu-paladar-con-creatividad/feed/index.html]
[www.cantaclaro.com.pe/wp-json/wp/v2/posts/95.json]
[www.cantaclaro.com.pe/wp-json/oembed/1.0/embede02d.json]
[www.cantaclaro.com.pe/wp-json/oembed/1.0/embed5ca6]
[www.cantaclaro.com.pe/wp-content/uploads/2023/09/Cantaclaro-3.1.jpg]
[vk.com/share08e8.php]
[vk.com/shared2b3.php]
[www.cantaclaro.com.pe/2023/01/03/tips-para-aprovechar-al-maximo-las-harinas-deleita-tu-paladar-con-creatividad/index.html]
[www.cantaclaro.com.pe/indexb8c4.html]
[www.cantaclaro.com.pe/wp-content/plugins/fluentform/public/css/fluent-forms-public163a.css]
[www.cantaclaro.com.pe/wp-content/plugins/fluentform/public/css/fluentform-public-default163a.css]
[www.cantaclaro.com.pe/index65a9.html]
[www.cantaclaro.com.pe/index89a1.html]
[www.cantaclaro.com.pe/index2af5.html]
[www.cantaclaro.com.pe/index820e.html]
[www.cantaclaro.com.pe/index5b31.html]
[www.cantaclaro.com.pe/indexd0b8.html]
[www.cantaclaro.com.pe/index7b2c.html]
[www.cantaclaro.com.pe/index30e3.html]
[www.cantaclaro.com.pe/index44be.html]
[www.cantaclaro.com.pe/indexba1b.html]
[www.cantaclaro.com.pe/index5ee4.html]
[www.cantaclaro.com.pe/index55d4.html]
[www.cantaclaro.com.pe/index2206.html]
[www.cantaclaro.com.pe/index8fec.html]
[www.cantaclaro.com.pe/index8fbb.html]
[www.cantaclaro.com.pe/index8820.html]
[www.cantaclaro.com.pe/index460d.html]
[www.cantaclaro.com.pe/index5eda.html]
